Connecting to MongoDB...

=== INWARD REGISTER ANALYSIS ===

Total Inward Records: 0

Found record with IWVIPPM2500022: NO

Sample AR Numbers starting with IWVIPPM:

Sample Inward Numbers starting with IWVIPPM:
